// Jest Snapshot v1, https://goo.gl/fbAQLP

exports[` 1`] = `
<View
  style={
    Object {
      "backgroundColor": "cornflowerblue",
      "flex": 1,
      "justifyContent": "center",
    }
  }
>
  <View
    style={
      Object {
        "alignSelf": "flex-end",
        "backgroundColor": "cornflowerblue",
        "height": 50,
        "paddingRight": 3,
      }
    }
  >
    <Text
      accessible={true}
      allowFontScaling={true}
      ellipsizeMode="tail"
    />
  </View>
  <View
    style={
      Object {
        "alignItems": "center",
        "justifyContent": "center",
      }
    }
  >
    <Text
      accessible={true}
      allowFontScaling={true}
      ellipsizeMode="tail"
      style={
        Object {
          "color": "white",
          "fontSize": 30,
          "justifyContent": "center",
          "marginBottom": 10,
          "opacity": 0.9,
        }
      }
    >
       DCU Library App
    </Text>
    <Image
      source={
        Object {
          "process": [Function],
        }
      }
      style={
        Object {
          "height": 150,
          "width": 200,
        }
      }
    />
  </View>
  <RCTScrollView
    data={
      Array [
        Object {
          "image": "basement.png",
          "key": "Basement",
        },
        Object {
          "image": "ground.png",
          "key": "Ground Floor",
        },
        Object {
          "image": "first.png",
          "key": "First Floor",
        },
        Object {
          "image": "second.png",
          "key": "Second Floor",
        },
      ]
    }
    disableVirtualization={false}
    getItem={[Function]}
    getItemCount={[Function]}
    horizontal={false}
    initialNumToRender={10}
    keyExtractor={[Function]}
    maxToRenderPerBatch={10}
    numColumns={1}
    onContentSizeChange={[Function]}
    onEndReachedThreshold={2}
    onLayout={[Function]}
    onMomentumScrollEnd={[Function]}
    onScroll={[Function]}
    onScrollBeginDrag={[Function]}
    onScrollEndDrag={[Function]}
    renderItem={[Function]}
    scrollEnabled={false}
    scrollEventThrottle={50}
    stickyHeaderIndices={Array []}
    style={
      Object {
        "backgroundColor": "cornflowerblue",
        "flex": 1,
        "margin": 0,
        "paddingTop": 10,
      }
    }
    updateCellsBatchingPeriod={50}
    viewabilityConfigCallbackPairs={Array []}
    windowSize={21}
  >
    <View>
      <View
        onLayout={[Function]}
        style={null}
      >
        <View
          accessibilityComponentType={undefined}
          accessibilityLabel={undefined}
          accessibilityTraits={undefined}
          accessible={true}
          hasTVPreferredFocus={undefined}
          hitSlop={undefined}
          isTVSelectable={true}
          nativeID={undefined}
          onLayout={undefined}
          onResponderGrant={[Function]}
          onResponderMove={[Function]}
          onResponderRelease={[Function]}
          onResponderTerminate={[Function]}
          onResponderTerminationRequest={[Function]}
          onStartShouldSetResponder={[Function]}
          style={
            Array [
              Object {
                "backgroundColor": "transparent",
                "borderBottomColor": "#bbb",
                "borderBottomWidth": 1,
                "paddingBottom": 10,
                "paddingRight": 10,
                "paddingTop": 10,
              },
              Object {
                "backgroundColor": "cornflowerblue",
                "flex": 1,
                "margin": 0,
                "padding": 0,
                "paddingTop": 15,
              },
              false,
              false,
            ]
          }
          testID={undefined}
          tvParallaxProperties={undefined}
        >
          <View
            style={
              Array [
                Object {
                  "alignItems": "center",
                  "flexDirection": "row",
                  "marginLeft": 10,
                },
                undefined,
              ]
            }
          >
            <View
              style={
                Object {
                  "flex": 1,
                  "justifyContent": "center",
                }
              }
            >
              <View
                style={undefined}
              >
                <Text
                  accessible={true}
                  allowFontScaling={true}
                  ellipsizeMode="tail"
                  numberOfLines={1}
                  style={
                    Array [
                      Object {},
                      undefined,
                      undefined,
                      undefined,
                      undefined,
                      undefined,
                      undefined,
                      undefined,
                      undefined,
                      undefined,
                      Array [
                        Object {
                          "color": "#43484d",
                          "fontSize": 17.5,
                        },
                        Object {
                          "marginLeft": 10,
                        },
                        Object {
                          "color": "white",
                          "fontSize": 22,
                          "justifyContent": "center",
                        },
                        undefined,
                      ],
                    ]
                  }
                >
                  Basement
                </Text>
              </View>
              <View
                style={undefined}
              >
                <View />
              </View>
            </View>
            <Text
              accessible={true}
              allowFontScaling={true}
              ellipsizeMode="tail"
            />
          </View>
        </View>
      </View>
      <View
        onLayout={[Function]}
        style={null}
      >
        <View
          accessibilityComponentType={undefined}
          accessibilityLabel={undefined}
          accessibilityTraits={undefined}
          accessible={true}
          hasTVPreferredFocus={undefined}
          hitSlop={undefined}
          isTVSelectable={true}
          nativeID={undefined}
          onLayout={undefined}
          onResponderGrant={[Function]}
          onResponderMove={[Function]}
          onResponderRelease={[Function]}
          onResponderTerminate={[Function]}
          onResponderTerminationRequest={[Function]}
          onStartShouldSetResponder={[Function]}
          style={
            Array [
              Object {
                "backgroundColor": "transparent",
                "borderBottomColor": "#bbb",
                "borderBottomWidth": 1,
                "paddingBottom": 10,
                "paddingRight": 10,
                "paddingTop": 10,
              },
              Object {
                "backgroundColor": "cornflowerblue",
                "flex": 1,
                "margin": 0,
                "padding": 0,
                "paddingTop": 15,
              },
              false,
              false,
            ]
          }
          testID={undefined}
          tvParallaxProperties={undefined}
        >
          <View
            style={
              Array [
                Object {
                  "alignItems": "center",
                  "flexDirection": "row",
                  "marginLeft": 10,
                },
                undefined,
              ]
            }
          >
            <View
              style={
                Object {
                  "flex": 1,
                  "justifyContent": "center",
                }
              }
            >
              <View
                style={undefined}
              >
                <Text
                  accessible={true}
                  allowFontScaling={true}
                  ellipsizeMode="tail"
                  numberOfLines={1}
                  style={
                    Array [
                      Object {},
                      undefined,
                      undefined,
                      undefined,
                      undefined,
                      undefined,
                      undefined,
                      undefined,
                      undefined,
                      undefined,
                      Array [
                        Object {
                          "color": "#43484d",
                          "fontSize": 17.5,
                        },
                        Object {
                          "marginLeft": 10,
                        },
                        Object {
                          "color": "white",
                          "fontSize": 22,
                          "justifyContent": "center",
                        },
                        undefined,
                      ],
                    ]
                  }
                >
                  Ground Floor
                </Text>
              </View>
              <View
                style={undefined}
              >
                <View />
              </View>
            </View>
            <Text
              accessible={true}
              allowFontScaling={true}
              ellipsizeMode="tail"
            />
          </View>
        </View>
      </View>
      <View
        onLayout={[Function]}
        style={null}
      >
        <View
          accessibilityComponentType={undefined}
          accessibilityLabel={undefined}
          accessibilityTraits={undefined}
          accessible={true}
          hasTVPreferredFocus={undefined}
          hitSlop={undefined}
          isTVSelectable={true}
          nativeID={undefined}
          onLayout={undefined}
          onResponderGrant={[Function]}
          onResponderMove={[Function]}
          onResponderRelease={[Function]}
          onResponderTerminate={[Function]}
          onResponderTerminationRequest={[Function]}
          onStartShouldSetResponder={[Function]}
          style={
            Array [
              Object {
                "backgroundColor": "transparent",
                "borderBottomColor": "#bbb",
                "borderBottomWidth": 1,
                "paddingBottom": 10,
                "paddingRight": 10,
                "paddingTop": 10,
              },
              Object {
                "backgroundColor": "cornflowerblue",
                "flex": 1,
                "margin": 0,
                "padding": 0,
                "paddingTop": 15,
              },
              false,
              false,
            ]
          }
          testID={undefined}
          tvParallaxProperties={undefined}
        >
          <View
            style={
              Array [
                Object {
                  "alignItems": "center",
                  "flexDirection": "row",
                  "marginLeft": 10,
                },
                undefined,
              ]
            }
          >
            <View
              style={
                Object {
                  "flex": 1,
                  "justifyContent": "center",
                }
              }
            >
              <View
                style={undefined}
              >
                <Text
                  accessible={true}
                  allowFontScaling={true}
                  ellipsizeMode="tail"
                  numberOfLines={1}
                  style={
                    Array [
                      Object {},
                      undefined,
                      undefined,
                      undefined,
                      undefined,
                      undefined,
                      undefined,
                      undefined,
                      undefined,
                      undefined,
                      Array [
                        Object {
                          "color": "#43484d",
                          "fontSize": 17.5,
                        },
                        Object {
                          "marginLeft": 10,
                        },
                        Object {
                          "color": "white",
                          "fontSize": 22,
                          "justifyContent": "center",
                        },
                        undefined,
                      ],
                    ]
                  }
                >
                  First Floor
                </Text>
              </View>
              <View
                style={undefined}
              >
                <View />
              </View>
            </View>
            <Text
              accessible={true}
              allowFontScaling={true}
              ellipsizeMode="tail"
            />
          </View>
        </View>
      </View>
      <View
        onLayout={[Function]}
        style={null}
      >
        <View
          accessibilityComponentType={undefined}
          accessibilityLabel={undefined}
          accessibilityTraits={undefined}
          accessible={true}
          hasTVPreferredFocus={undefined}
          hitSlop={undefined}
          isTVSelectable={true}
          nativeID={undefined}
          onLayout={undefined}
          onResponderGrant={[Function]}
          onResponderMove={[Function]}
          onResponderRelease={[Function]}
          onResponderTerminate={[Function]}
          onResponderTerminationRequest={[Function]}
          onStartShouldSetResponder={[Function]}
          style={
            Array [
              Object {
                "backgroundColor": "transparent",
                "borderBottomColor": "#bbb",
                "borderBottomWidth": 1,
                "paddingBottom": 10,
                "paddingRight": 10,
                "paddingTop": 10,
              },
              Object {
                "backgroundColor": "cornflowerblue",
                "flex": 1,
                "margin": 0,
                "padding": 0,
                "paddingTop": 15,
              },
              false,
              false,
            ]
          }
          testID={undefined}
          tvParallaxProperties={undefined}
        >
          <View
            style={
              Array [
                Object {
                  "alignItems": "center",
                  "flexDirection": "row",
                  "marginLeft": 10,
                },
                undefined,
              ]
            }
          >
            <View
              style={
                Object {
                  "flex": 1,
                  "justifyContent": "center",
                }
              }
            >
              <View
                style={undefined}
              >
                <Text
                  accessible={true}
                  allowFontScaling={true}
                  ellipsizeMode="tail"
                  numberOfLines={1}
                  style={
                    Array [
                      Object {},
                      undefined,
                      undefined,
                      undefined,
                      undefined,
                      undefined,
                      undefined,
                      undefined,
                      undefined,
                      undefined,
                      Array [
                        Object {
                          "color": "#43484d",
                          "fontSize": 17.5,
                        },
                        Object {
                          "marginLeft": 10,
                        },
                        Object {
                          "color": "white",
                          "fontSize": 22,
                          "justifyContent": "center",
                        },
                        undefined,
                      ],
                    ]
                  }
                >
                  Second Floor
                </Text>
              </View>
              <View
                style={undefined}
              >
                <View />
              </View>
            </View>
            <Text
              accessible={true}
              allowFontScaling={true}
              ellipsizeMode="tail"
            />
          </View>
        </View>
      </View>
    </View>
  </RCTScrollView>
</View>
`;

exports[`Menu Page Flatlist itemworks 1`] = `
<View
  style={
    Object {
      "backgroundColor": "cornflowerblue",
      "flex": 1,
      "justifyContent": "center",
    }
  }
>
  <View
    style={
      Object {
        "alignSelf": "flex-end",
        "backgroundColor": "cornflowerblue",
        "height": 50,
        "paddingRight": 3,
      }
    }
  >
    <Text
      accessible={true}
      allowFontScaling={true}
      ellipsizeMode="tail"
    />
  </View>
  <View
    style={
      Object {
        "alignItems": "center",
        "justifyContent": "center",
      }
    }
  >
    <Text
      accessible={true}
      allowFontScaling={true}
      ellipsizeMode="tail"
      style={
        Object {
          "color": "white",
          "fontSize": 30,
          "justifyContent": "center",
          "marginBottom": 10,
          "opacity": 0.9,
        }
      }
    >
       DCU Library App
    </Text>
    <Image
      source={
        Object {
          "process": [Function],
        }
      }
      style={
        Object {
          "height": 150,
          "width": 200,
        }
      }
    />
  </View>
  <RCTScrollView
    data={
      Array [
        Object {
          "image": "basement.png",
          "key": "Basement",
        },
        Object {
          "image": "ground.png",
          "key": "Ground Floor",
        },
        Object {
          "image": "first.png",
          "key": "First Floor",
        },
        Object {
          "image": "second.png",
          "key": "Second Floor",
        },
      ]
    }
    disableVirtualization={false}
    getItem={[Function]}
    getItemCount={[Function]}
    horizontal={false}
    initialNumToRender={10}
    keyExtractor={[Function]}
    maxToRenderPerBatch={10}
    numColumns={1}
    onContentSizeChange={[Function]}
    onEndReachedThreshold={2}
    onLayout={[Function]}
    onMomentumScrollEnd={[Function]}
    onScroll={[Function]}
    onScrollBeginDrag={[Function]}
    onScrollEndDrag={[Function]}
    renderItem={[Function]}
    scrollEnabled={false}
    scrollEventThrottle={50}
    stickyHeaderIndices={Array []}
    style={
      Object {
        "backgroundColor": "cornflowerblue",
        "flex": 1,
        "margin": 0,
        "paddingTop": 10,
      }
    }
    updateCellsBatchingPeriod={50}
    viewabilityConfigCallbackPairs={Array []}
    windowSize={21}
  >
    <View>
      <View
        onLayout={[Function]}
        style={null}
      >
        <View
          accessibilityComponentType={undefined}
          accessibilityLabel={undefined}
          accessibilityTraits={undefined}
          accessible={true}
          hasTVPreferredFocus={undefined}
          hitSlop={undefined}
          isTVSelectable={true}
          nativeID={undefined}
          onLayout={undefined}
          onResponderGrant={[Function]}
          onResponderMove={[Function]}
          onResponderRelease={[Function]}
          onResponderTerminate={[Function]}
          onResponderTerminationRequest={[Function]}
          onStartShouldSetResponder={[Function]}
          style={
            Array [
              Object {
                "backgroundColor": "transparent",
                "borderBottomColor": "#bbb",
                "borderBottomWidth": 1,
                "paddingBottom": 10,
                "paddingRight": 10,
                "paddingTop": 10,
              },
              Object {
                "backgroundColor": "cornflowerblue",
                "flex": 1,
                "margin": 0,
                "padding": 0,
                "paddingTop": 15,
              },
              false,
              false,
            ]
          }
          testID={undefined}
          tvParallaxProperties={undefined}
        >
          <View
            style={
              Array [
                Object {
                  "alignItems": "center",
                  "flexDirection": "row",
                  "marginLeft": 10,
                },
                undefined,
              ]
            }
          >
            <View
              style={
                Object {
                  "flex": 1,
                  "justifyContent": "center",
                }
              }
            >
              <View
                style={undefined}
              >
                <Text
                  accessible={true}
                  allowFontScaling={true}
                  ellipsizeMode="tail"
                  numberOfLines={1}
                  style={
                    Array [
                      Object {},
                      undefined,
                      undefined,
                      undefined,
                      undefined,
                      undefined,
                      undefined,
                      undefined,
                      undefined,
                      undefined,
                      Array [
                        Object {
                          "color": "#43484d",
                          "fontSize": 17.5,
                        },
                        Object {
                          "marginLeft": 10,
                        },
                        Object {
                          "color": "white",
                          "fontSize": 22,
                          "justifyContent": "center",
                        },
                        undefined,
                      ],
                    ]
                  }
                >
                  Basement
                </Text>
              </View>
              <View
                style={undefined}
              >
                <View />
              </View>
            </View>
            <Text
              accessible={true}
              allowFontScaling={true}
              ellipsizeMode="tail"
            />
          </View>
        </View>
      </View>
      <View
        onLayout={[Function]}
        style={null}
      >
        <View
          accessibilityComponentType={undefined}
          accessibilityLabel={undefined}
          accessibilityTraits={undefined}
          accessible={true}
          hasTVPreferredFocus={undefined}
          hitSlop={undefined}
          isTVSelectable={true}
          nativeID={undefined}
          onLayout={undefined}
          onResponderGrant={[Function]}
          onResponderMove={[Function]}
          onResponderRelease={[Function]}
          onResponderTerminate={[Function]}
          onResponderTerminationRequest={[Function]}
          onStartShouldSetResponder={[Function]}
          style={
            Array [
              Object {
                "backgroundColor": "transparent",
                "borderBottomColor": "#bbb",
                "borderBottomWidth": 1,
                "paddingBottom": 10,
                "paddingRight": 10,
                "paddingTop": 10,
              },
              Object {
                "backgroundColor": "cornflowerblue",
                "flex": 1,
                "margin": 0,
                "padding": 0,
                "paddingTop": 15,
              },
              false,
              false,
            ]
          }
          testID={undefined}
          tvParallaxProperties={undefined}
        >
          <View
            style={
              Array [
                Object {
                  "alignItems": "center",
                  "flexDirection": "row",
                  "marginLeft": 10,
                },
                undefined,
              ]
            }
          >
            <View
              style={
                Object {
                  "flex": 1,
                  "justifyContent": "center",
                }
              }
            >
              <View
                style={undefined}
              >
                <Text
                  accessible={true}
                  allowFontScaling={true}
                  ellipsizeMode="tail"
                  numberOfLines={1}
                  style={
                    Array [
                      Object {},
                      undefined,
                      undefined,
                      undefined,
                      undefined,
                      undefined,
                      undefined,
                      undefined,
                      undefined,
                      undefined,
                      Array [
                        Object {
                          "color": "#43484d",
                          "fontSize": 17.5,
                        },
                        Object {
                          "marginLeft": 10,
                        },
                        Object {
                          "color": "white",
                          "fontSize": 22,
                          "justifyContent": "center",
                        },
                        undefined,
                      ],
                    ]
                  }
                >
                  Ground Floor
                </Text>
              </View>
              <View
                style={undefined}
              >
                <View />
              </View>
            </View>
            <Text
              accessible={true}
              allowFontScaling={true}
              ellipsizeMode="tail"
            />
          </View>
        </View>
      </View>
      <View
        onLayout={[Function]}
        style={null}
      >
        <View
          accessibilityComponentType={undefined}
          accessibilityLabel={undefined}
          accessibilityTraits={undefined}
          accessible={true}
          hasTVPreferredFocus={undefined}
          hitSlop={undefined}
          isTVSelectable={true}
          nativeID={undefined}
          onLayout={undefined}
          onResponderGrant={[Function]}
          onResponderMove={[Function]}
          onResponderRelease={[Function]}
          onResponderTerminate={[Function]}
          onResponderTerminationRequest={[Function]}
          onStartShouldSetResponder={[Function]}
          style={
            Array [
              Object {
                "backgroundColor": "transparent",
                "borderBottomColor": "#bbb",
                "borderBottomWidth": 1,
                "paddingBottom": 10,
                "paddingRight": 10,
                "paddingTop": 10,
              },
              Object {
                "backgroundColor": "cornflowerblue",
                "flex": 1,
                "margin": 0,
                "padding": 0,
                "paddingTop": 15,
              },
              false,
              false,
            ]
          }
          testID={undefined}
          tvParallaxProperties={undefined}
        >
          <View
            style={
              Array [
                Object {
                  "alignItems": "center",
                  "flexDirection": "row",
                  "marginLeft": 10,
                },
                undefined,
              ]
            }
          >
            <View
              style={
                Object {
                  "flex": 1,
                  "justifyContent": "center",
                }
              }
            >
              <View
                style={undefined}
              >
                <Text
                  accessible={true}
                  allowFontScaling={true}
                  ellipsizeMode="tail"
                  numberOfLines={1}
                  style={
                    Array [
                      Object {},
                      undefined,
                      undefined,
                      undefined,
                      undefined,
                      undefined,
                      undefined,
                      undefined,
                      undefined,
                      undefined,
                      Array [
                        Object {
                          "color": "#43484d",
                          "fontSize": 17.5,
                        },
                        Object {
                          "marginLeft": 10,
                        },
                        Object {
                          "color": "white",
                          "fontSize": 22,
                          "justifyContent": "center",
                        },
                        undefined,
                      ],
                    ]
                  }
                >
                  First Floor
                </Text>
              </View>
              <View
                style={undefined}
              >
                <View />
              </View>
            </View>
            <Text
              accessible={true}
              allowFontScaling={true}
              ellipsizeMode="tail"
            />
          </View>
        </View>
      </View>
      <View
        onLayout={[Function]}
        style={null}
      >
        <View
          accessibilityComponentType={undefined}
          accessibilityLabel={undefined}
          accessibilityTraits={undefined}
          accessible={true}
          hasTVPreferredFocus={undefined}
          hitSlop={undefined}
          isTVSelectable={true}
          nativeID={undefined}
          onLayout={undefined}
          onResponderGrant={[Function]}
          onResponderMove={[Function]}
          onResponderRelease={[Function]}
          onResponderTerminate={[Function]}
          onResponderTerminationRequest={[Function]}
          onStartShouldSetResponder={[Function]}
          style={
            Array [
              Object {
                "backgroundColor": "transparent",
                "borderBottomColor": "#bbb",
                "borderBottomWidth": 1,
                "paddingBottom": 10,
                "paddingRight": 10,
                "paddingTop": 10,
              },
              Object {
                "backgroundColor": "cornflowerblue",
                "flex": 1,
                "margin": 0,
                "padding": 0,
                "paddingTop": 15,
              },
              false,
              false,
            ]
          }
          testID={undefined}
          tvParallaxProperties={undefined}
        >
          <View
            style={
              Array [
                Object {
                  "alignItems": "center",
                  "flexDirection": "row",
                  "marginLeft": 10,
                },
                undefined,
              ]
            }
          >
            <View
              style={
                Object {
                  "flex": 1,
                  "justifyContent": "center",
                }
              }
            >
              <View
                style={undefined}
              >
                <Text
                  accessible={true}
                  allowFontScaling={true}
                  ellipsizeMode="tail"
                  numberOfLines={1}
                  style={
                    Array [
                      Object {},
                      undefined,
                      undefined,
                      undefined,
                      undefined,
                      undefined,
                      undefined,
                      undefined,
                      undefined,
                      undefined,
                      Array [
                        Object {
                          "color": "#43484d",
                          "fontSize": 17.5,
                        },
                        Object {
                          "marginLeft": 10,
                        },
                        Object {
                          "color": "white",
                          "fontSize": 22,
                          "justifyContent": "center",
                        },
                        undefined,
                      ],
                    ]
                  }
                >
                  Second Floor
                </Text>
              </View>
              <View
                style={undefined}
              >
                <View />
              </View>
            </View>
            <Text
              accessible={true}
              allowFontScaling={true}
              ellipsizeMode="tail"
            />
          </View>
        </View>
      </View>
    </View>
  </RCTScrollView>
</View>
`;
